Archive member included to satisfy reference by file (symbol)

/opt/arm-gcc/bin/../lib/gcc/arm-none-eabi/10.3.1/../../../../arm-none-eabi/lib/thumb/v7e-m+fp/hard/libc_nano.a(lib_a-exit.o)
                              /opt/arm-gcc/bin/../lib/gcc/arm-none-eabi/10.3.1/../../../../arm-none-eabi/lib/thumb/v7e-m+fp/hard/crt0.o (exit)
/opt/arm-gcc/bin/../lib/gcc/arm-none-eabi/10.3.1/../../../../arm-none-eabi/lib/thumb/v7e-m+fp/hard/libc_nano.a(lib_a-impure.o)
                              /opt/arm-gcc/bin/../lib/gcc/arm-none-eabi/10.3.1/../../../../arm-none-eabi/lib/thumb/v7e-m+fp/hard/libc_nano.a(lib_a-exit.o) (_global_impure_ptr)
/opt/arm-gcc/bin/../lib/gcc/arm-none-eabi/10.3.1/../../../../arm-none-eabi/lib/thumb/v7e-m+fp/hard/libc_nano.a(lib_a-init.o)
                              /opt/arm-gcc/bin/../lib/gcc/arm-none-eabi/10.3.1/../../../../arm-none-eabi/lib/thumb/v7e-m+fp/hard/crt0.o (__libc_init_array)
/opt/arm-gcc/bin/../lib/gcc/arm-none-eabi/10.3.1/../../../../arm-none-eabi/lib/thumb/v7e-m+fp/hard/libc_nano.a(lib_a-memset.o)
                              /opt/arm-gcc/bin/../lib/gcc/arm-none-eabi/10.3.1/../../../../arm-none-eabi/lib/thumb/v7e-m+fp/hard/crt0.o (memset)
/opt/arm-gcc/bin/../lib/gcc/arm-none-eabi/10.3.1/../../../../arm-none-eabi/lib/thumb/v7e-m+fp/hard/libnosys.a(_exit.o)
                              /opt/arm-gcc/bin/../lib/gcc/arm-none-eabi/10.3.1/../../../../arm-none-eabi/lib/thumb/v7e-m+fp/hard/libc_nano.a(lib_a-exit.o) (_exit)

Discarded input sections

 .text          0x0000000000000000        0x0 /opt/arm-gcc/bin/../lib/gcc/arm-none-eabi/10.3.1/thumb/v7e-m+fp/hard/crti.o
 .data          0x0000000000000000        0x0 /opt/arm-gcc/bin/../lib/gcc/arm-none-eabi/10.3.1/thumb/v7e-m+fp/hard/crti.o
 .bss           0x0000000000000000        0x0 /opt/arm-gcc/bin/../lib/gcc/arm-none-eabi/10.3.1/thumb/v7e-m+fp/hard/crti.o
 .data          0x0000000000000000        0x4 /opt/arm-gcc/bin/../lib/gcc/arm-none-eabi/10.3.1/thumb/v7e-m+fp/hard/crtbegin.o
 .rodata        0x0000000000000000       0x24 /opt/arm-gcc/bin/../lib/gcc/arm-none-eabi/10.3.1/thumb/v7e-m+fp/hard/crtbegin.o
 .text          0x0000000000000000       0x7c /opt/arm-gcc/bin/../lib/gcc/arm-none-eabi/10.3.1/../../../../arm-none-eabi/lib/thumb/v7e-m+fp/hard/crt0.o
 .data          0x0000000000000000        0x0 /opt/arm-gcc/bin/../lib/gcc/arm-none-eabi/10.3.1/../../../../arm-none-eabi/lib/thumb/v7e-m+fp/hard/crt0.o
 .bss           0x0000000000000000        0x0 /opt/arm-gcc/bin/../lib/gcc/arm-none-eabi/10.3.1/../../../../arm-none-eabi/lib/thumb/v7e-m+fp/hard/crt0.o
 .ARM.extab     0x0000000000000000        0x0 /opt/arm-gcc/bin/../lib/gcc/arm-none-eabi/10.3.1/../../../../arm-none-eabi/lib/thumb/v7e-m+fp/hard/crt0.o
 .ARM.exidx     0x0000000000000000       0x10 /opt/arm-gcc/bin/../lib/gcc/arm-none-eabi/10.3.1/../../../../arm-none-eabi/lib/thumb/v7e-m+fp/hard/crt0.o
 .ARM.attributes
                0x0000000000000000       0x1c /opt/arm-gcc/bin/../lib/gcc/arm-none-eabi/10.3.1/../../../../arm-none-eabi/lib/thumb/v7e-m+fp/hard/crt0.o
 .text          0x0000000000000000        0x0 build/main.o
 .data          0x0000000000000000        0x0 build/main.o
 .bss           0x0000000000000000        0x0 build/main.o
 .text          0x0000000000000000        0x0 build/system_stm32f3xx.o
 .data          0x0000000000000000        0x0 build/system_stm32f3xx.o
 .bss           0x0000000000000000        0x0 build/system_stm32f3xx.o
 .text.SystemCoreClockUpdate
                0x0000000000000000       0x8c build/system_stm32f3xx.o
 .data.SystemCoreClock
                0x0000000000000000        0x4 build/system_stm32f3xx.o
 .rodata.AHBPrescTable
                0x0000000000000000       0x10 build/system_stm32f3xx.o
 .rodata.APBPrescTable
                0x0000000000000000        0x8 build/system_stm32f3xx.o
 .text          0x0000000000000000       0x14 build/startup_stm32f303xc.o
 .data          0x0000000000000000        0x0 build/startup_stm32f303xc.o
 .bss           0x0000000000000000        0x0 build/startup_stm32f303xc.o
 .text          0x0000000000000000        0x0 /opt/arm-gcc/bin/../lib/gcc/arm-none-eabi/10.3.1/../../../../arm-none-eabi/lib/thumb/v7e-m+fp/hard/libc_nano.a(lib_a-exit.o)
 .data          0x0000000000000000        0x0 /opt/arm-gcc/bin/../lib/gcc/arm-none-eabi/10.3.1/../../../../arm-none-eabi/lib/thumb/v7e-m+fp/hard/libc_nano.a(lib_a-exit.o)
 .bss           0x0000000000000000        0x0 /opt/arm-gcc/bin/../lib/gcc/arm-none-eabi/10.3.1/../../../../arm-none-eabi/lib/thumb/v7e-m+fp/hard/libc_nano.a(lib_a-exit.o)
 .text.exit     0x0000000000000000       0x28 /opt/arm-gcc/bin/../lib/gcc/arm-none-eabi/10.3.1/../../../../arm-none-eabi/lib/thumb/v7e-m+fp/hard/libc_nano.a(lib_a-exit.o)
 .debug_frame   0x0000000000000000       0x28 /opt/arm-gcc/bin/../lib/gcc/arm-none-eabi/10.3.1/../../../../arm-none-eabi/lib/thumb/v7e-m+fp/hard/libc_nano.a(lib_a-exit.o)
 .ARM.attributes
                0x0000000000000000       0x34 /opt/arm-gcc/bin/../lib/gcc/arm-none-eabi/10.3.1/../../../../arm-none-eabi/lib/thumb/v7e-m+fp/hard/libc_nano.a(lib_a-exit.o)
 .text          0x0000000000000000        0x0 /opt/arm-gcc/bin/../lib/gcc/arm-none-eabi/10.3.1/../../../../arm-none-eabi/lib/thumb/v7e-m+fp/hard/libc_nano.a(lib_a-impure.o)
 .data          0x0000000000000000        0x0 /opt/arm-gcc/bin/../lib/gcc/arm-none-eabi/10.3.1/../../../../arm-none-eabi/lib/thumb/v7e-m+fp/hard/libc_nano.a(lib_a-impure.o)
 .bss           0x0000000000000000        0x0 /opt/arm-gcc/bin/../lib/gcc/arm-none-eabi/10.3.1/../../../../arm-none-eabi/lib/thumb/v7e-m+fp/hard/libc_nano.a(lib_a-impure.o)
 .data._impure_ptr
                0x0000000000000000        0x4 /opt/arm-gcc/bin/../lib/gcc/arm-none-eabi/10.3.1/../../../../arm-none-eabi/lib/thumb/v7e-m+fp/hard/libc_nano.a(lib_a-impure.o)
 .data.impure_data
                0x0000000000000000       0x60 /opt/arm-gcc/bin/../lib/gcc/arm-none-eabi/10.3.1/../../../../arm-none-eabi/lib/thumb/v7e-m+fp/hard/libc_nano.a(lib_a-impure.o)
 .rodata._global_impure_ptr
                0x0000000000000000        0x4 /opt/arm-gcc/bin/../lib/gcc/arm-none-eabi/10.3.1/../../../../arm-none-eabi/lib/thumb/v7e-m+fp/hard/libc_nano.a(lib_a-impure.o)
 .ARM.attributes
                0x0000000000000000       0x34 /opt/arm-gcc/bin/../lib/gcc/arm-none-eabi/10.3.1/../../../../arm-none-eabi/lib/thumb/v7e-m+fp/hard/libc_nano.a(lib_a-impure.o)
 .text          0x0000000000000000        0x0 /opt/arm-gcc/bin/../lib/gcc/arm-none-eabi/10.3.1/../../../../arm-none-eabi/lib/thumb/v7e-m+fp/hard/libc_nano.a(lib_a-init.o)
 .data          0x0000000000000000        0x0 /opt/arm-gcc/bin/../lib/gcc/arm-none-eabi/10.3.1/../../../../arm-none-eabi/lib/thumb/v7e-m+fp/hard/libc_nano.a(lib_a-init.o)
 .bss           0x0000000000000000        0x0 /opt/arm-gcc/bin/../lib/gcc/arm-none-eabi/10.3.1/../../../../arm-none-eabi/lib/thumb/v7e-m+fp/hard/libc_nano.a(lib_a-init.o)
 .text          0x0000000000000000        0x0 /opt/arm-gcc/bin/../lib/gcc/arm-none-eabi/10.3.1/../../../../arm-none-eabi/lib/thumb/v7e-m+fp/hard/libc_nano.a(lib_a-memset.o)
 .data          0x0000000000000000        0x0 /opt/arm-gcc/bin/../lib/gcc/arm-none-eabi/10.3.1/../../../../arm-none-eabi/lib/thumb/v7e-m+fp/hard/libc_nano.a(lib_a-memset.o)
 .bss           0x0000000000000000        0x0 /opt/arm-gcc/bin/../lib/gcc/arm-none-eabi/10.3.1/../../../../arm-none-eabi/lib/thumb/v7e-m+fp/hard/libc_nano.a(lib_a-memset.o)
 .text.memset   0x0000000000000000       0x10 /opt/arm-gcc/bin/../lib/gcc/arm-none-eabi/10.3.1/../../../../arm-none-eabi/lib/thumb/v7e-m+fp/hard/libc_nano.a(lib_a-memset.o)
 .debug_frame   0x0000000000000000       0x20 /opt/arm-gcc/bin/../lib/gcc/arm-none-eabi/10.3.1/../../../../arm-none-eabi/lib/thumb/v7e-m+fp/hard/libc_nano.a(lib_a-memset.o)
 .ARM.attributes
                0x0000000000000000       0x34 /opt/arm-gcc/bin/../lib/gcc/arm-none-eabi/10.3.1/../../../../arm-none-eabi/lib/thumb/v7e-m+fp/hard/libc_nano.a(lib_a-memset.o)
 .text          0x0000000000000000        0x0 /opt/arm-gcc/bin/../lib/gcc/arm-none-eabi/10.3.1/../../../../arm-none-eabi/lib/thumb/v7e-m+fp/hard/libnosys.a(_exit.o)
 .data          0x0000000000000000        0x0 /opt/arm-gcc/bin/../lib/gcc/arm-none-eabi/10.3.1/../../../../arm-none-eabi/lib/thumb/v7e-m+fp/hard/libnosys.a(_exit.o)
 .bss           0x0000000000000000        0x0 /opt/arm-gcc/bin/../lib/gcc/arm-none-eabi/10.3.1/../../../../arm-none-eabi/lib/thumb/v7e-m+fp/hard/libnosys.a(_exit.o)
 .text._exit    0x0000000000000000        0x4 /opt/arm-gcc/bin/../lib/gcc/arm-none-eabi/10.3.1/../../../../arm-none-eabi/lib/thumb/v7e-m+fp/hard/libnosys.a(_exit.o)
 .debug_frame   0x0000000000000000       0x20 /opt/arm-gcc/bin/../lib/gcc/arm-none-eabi/10.3.1/../../../../arm-none-eabi/lib/thumb/v7e-m+fp/hard/libnosys.a(_exit.o)
 .ARM.attributes
                0x0000000000000000       0x34 /opt/arm-gcc/bin/../lib/gcc/arm-none-eabi/10.3.1/../../../../arm-none-eabi/lib/thumb/v7e-m+fp/hard/libnosys.a(_exit.o)
 .text          0x0000000000000000        0x0 /opt/arm-gcc/bin/../lib/gcc/arm-none-eabi/10.3.1/thumb/v7e-m+fp/hard/crtend.o
 .data          0x0000000000000000        0x0 /opt/arm-gcc/bin/../lib/gcc/arm-none-eabi/10.3.1/thumb/v7e-m+fp/hard/crtend.o
 .bss           0x0000000000000000        0x0 /opt/arm-gcc/bin/../lib/gcc/arm-none-eabi/10.3.1/thumb/v7e-m+fp/hard/crtend.o
 .rodata        0x0000000000000000       0x24 /opt/arm-gcc/bin/../lib/gcc/arm-none-eabi/10.3.1/thumb/v7e-m+fp/hard/crtend.o
 .eh_frame      0x0000000000000000        0x4 /opt/arm-gcc/bin/../lib/gcc/arm-none-eabi/10.3.1/thumb/v7e-m+fp/hard/crtend.o
 .ARM.attributes
                0x0000000000000000       0x34 /opt/arm-gcc/bin/../lib/gcc/arm-none-eabi/10.3.1/thumb/v7e-m+fp/hard/crtend.o
 .text          0x0000000000000000        0x0 /opt/arm-gcc/bin/../lib/gcc/arm-none-eabi/10.3.1/thumb/v7e-m+fp/hard/crtn.o
 .data          0x0000000000000000        0x0 /opt/arm-gcc/bin/../lib/gcc/arm-none-eabi/10.3.1/thumb/v7e-m+fp/hard/crtn.o
 .bss           0x0000000000000000        0x0 /opt/arm-gcc/bin/../lib/gcc/arm-none-eabi/10.3.1/thumb/v7e-m+fp/hard/crtn.o

Memory Configuration

Name             Origin             Length             Attributes
RAM              0x0000000020000000 0x000000000000a000 xrw
CCMRAM           0x0000000010000000 0x0000000000002000 xrw
FLASH            0x0000000008000000 0x0000000000040000 xr
*default*        0x0000000000000000 0xffffffffffffffff

Linker script and memory map

LOAD /opt/arm-gcc/bin/../lib/gcc/arm-none-eabi/10.3.1/thumb/v7e-m+fp/hard/crti.o
LOAD /opt/arm-gcc/bin/../lib/gcc/arm-none-eabi/10.3.1/thumb/v7e-m+fp/hard/crtbegin.o
LOAD /opt/arm-gcc/bin/../lib/gcc/arm-none-eabi/10.3.1/../../../../arm-none-eabi/lib/thumb/v7e-m+fp/hard/crt0.o
LOAD build/main.o
LOAD build/system_stm32f3xx.o
LOAD build/startup_stm32f303xc.o
LOAD /opt/arm-gcc/bin/../lib/gcc/arm-none-eabi/10.3.1/../../../../arm-none-eabi/lib/thumb/v7e-m+fp/hard/libc_nano.a
LOAD /opt/arm-gcc/bin/../lib/gcc/arm-none-eabi/10.3.1/../../../../arm-none-eabi/lib/thumb/v7e-m+fp/hard/libm.a
LOAD /opt/arm-gcc/bin/../lib/gcc/arm-none-eabi/10.3.1/../../../../arm-none-eabi/lib/thumb/v7e-m+fp/hard/libnosys.a
START GROUP
LOAD /opt/arm-gcc/bin/../lib/gcc/arm-none-eabi/10.3.1/thumb/v7e-m+fp/hard/libgcc.a
LOAD /opt/arm-gcc/bin/../lib/gcc/arm-none-eabi/10.3.1/../../../../arm-none-eabi/lib/thumb/v7e-m+fp/hard/libc_nano.a
END GROUP
START GROUP
LOAD /opt/arm-gcc/bin/../lib/gcc/arm-none-eabi/10.3.1/thumb/v7e-m+fp/hard/libgcc.a
LOAD /opt/arm-gcc/bin/../lib/gcc/arm-none-eabi/10.3.1/../../../../arm-none-eabi/lib/thumb/v7e-m+fp/hard/libc_nano.a
END GROUP
LOAD /opt/arm-gcc/bin/../lib/gcc/arm-none-eabi/10.3.1/thumb/v7e-m+fp/hard/crtend.o
LOAD /opt/arm-gcc/bin/../lib/gcc/arm-none-eabi/10.3.1/thumb/v7e-m+fp/hard/crtn.o
                0x000000002000a000                _estack = (ORIGIN (RAM) + LENGTH (RAM))
                0x0000000000000010                _Min_Heap_Size = 0x10
                0x0000000000000400                _Min_Stack_Size = 0x400

.isr_vector     0x0000000008000000      0x188
                0x0000000008000000                . = ALIGN (0x4)
 *(.isr_vector)
 .isr_vector    0x0000000008000000      0x188 build/startup_stm32f303xc.o
                0x0000000008000000                g_pfnVectors
                0x0000000008000188                . = ALIGN (0x4)

.text           0x0000000008000188      0x10c
                0x0000000008000188                . = ALIGN (0x4)
 *(.text)
 .text          0x0000000008000188       0x40 /opt/arm-gcc/bin/../lib/gcc/arm-none-eabi/10.3.1/thumb/v7e-m+fp/hard/crtbegin.o
 *(.text*)
 .text.main     0x00000000080001c8        0x2 build/main.o
                0x00000000080001c8                main
 *fill*         0x00000000080001ca        0x2 
 .text.SystemInit
                0x00000000080001cc       0x14 build/system_stm32f3xx.o
                0x00000000080001cc                SystemInit
 .text.Reset_Handler
                0x00000000080001e0       0x50 build/startup_stm32f303xc.o
                0x00000000080001e0                Reset_Handler
 .text.Default_Handler
                0x0000000008000230        0x2 build/startup_stm32f303xc.o
                0x0000000008000230                RTC_Alarm_IRQHandler
                0x0000000008000230                TIM8_TRG_COM_IRQHandler
                0x0000000008000230                TIM8_CC_IRQHandler
                0x0000000008000230                DebugMon_Handler
                0x0000000008000230                TIM1_CC_IRQHandler
                0x0000000008000230                HardFault_Handler
                0x0000000008000230                USB_HP_IRQHandler
                0x0000000008000230                SysTick_Handler
                0x0000000008000230                PVD_IRQHandler
                0x0000000008000230                TAMP_STAMP_IRQHandler
                0x0000000008000230                PendSV_Handler
                0x0000000008000230                NMI_Handler
                0x0000000008000230                EXTI3_IRQHandler
                0x0000000008000230                USB_HP_CAN_TX_IRQHandler
                0x0000000008000230                EXTI0_IRQHandler
                0x0000000008000230                I2C2_EV_IRQHandler
                0x0000000008000230                FPU_IRQHandler
                0x0000000008000230                TIM1_UP_TIM16_IRQHandler
                0x0000000008000230                UsageFault_Handler
                0x0000000008000230                ADC1_2_IRQHandler
                0x0000000008000230                SPI1_IRQHandler
                0x0000000008000230                CAN_SCE_IRQHandler
                0x0000000008000230                TIM6_DAC_IRQHandler
                0x0000000008000230                TIM8_UP_IRQHandler
                0x0000000008000230                DMA2_Channel2_IRQHandler
                0x0000000008000230                DMA1_Channel4_IRQHandler
                0x0000000008000230                USART3_IRQHandler
                0x0000000008000230                DMA1_Channel7_IRQHandler
                0x0000000008000230                UART5_IRQHandler
                0x0000000008000230                ADC3_IRQHandler
                0x0000000008000230                TIM4_IRQHandler
                0x0000000008000230                CAN_RX1_IRQHandler
                0x0000000008000230                DMA2_Channel1_IRQHandler
                0x0000000008000230                I2C1_EV_IRQHandler
                0x0000000008000230                DMA1_Channel6_IRQHandler
                0x0000000008000230                UART4_IRQHandler
                0x0000000008000230                DMA2_Channel4_IRQHandler
                0x0000000008000230                TIM3_IRQHandler
                0x0000000008000230                RCC_IRQHandler
                0x0000000008000230                DMA1_Channel1_IRQHandler
                0x0000000008000230                Default_Handler
                0x0000000008000230                USBWakeUp_RMP_IRQHandler
                0x0000000008000230                EXTI15_10_IRQHandler
                0x0000000008000230                TIM7_IRQHandler
                0x0000000008000230                EXTI9_5_IRQHandler
                0x0000000008000230                RTC_WKUP_IRQHandler
                0x0000000008000230                SPI2_IRQHandler
                0x0000000008000230                USB_LP_CAN_RX0_IRQHandler
                0x0000000008000230                MemManage_Handler
                0x0000000008000230                SVC_Handler
                0x0000000008000230                DMA2_Channel5_IRQHandler
                0x0000000008000230                DMA1_Channel5_IRQHandler
                0x0000000008000230                USB_LP_IRQHandler
                0x0000000008000230                EXTI4_IRQHandler
                0x0000000008000230                TIM1_TRG_COM_TIM17_IRQHandler
                0x0000000008000230                DMA1_Channel3_IRQHandler
                0x0000000008000230                ADC4_IRQHandler
                0x0000000008000230                WWDG_IRQHandler
                0x0000000008000230                TIM2_IRQHandler
                0x0000000008000230                COMP7_IRQHandler
                0x0000000008000230                COMP1_2_3_IRQHandler
                0x0000000008000230                EXTI1_IRQHandler
                0x0000000008000230                USART2_IRQHandler
                0x0000000008000230                COMP4_5_6_IRQHandler
                0x0000000008000230                I2C2_ER_IRQHandler
                0x0000000008000230                DMA1_Channel2_IRQHandler
                0x0000000008000230                TIM8_BRK_IRQHandler
                0x0000000008000230                FLASH_IRQHandler
                0x0000000008000230                BusFault_Handler
                0x0000000008000230                USART1_IRQHandler
                0x0000000008000230                SPI3_IRQHandler
                0x0000000008000230                I2C1_ER_IRQHandler
                0x0000000008000230                USBWakeUp_IRQHandler
                0x0000000008000230                DMA2_Channel3_IRQHandler
                0x0000000008000230                EXTI2_TSC_IRQHandler
                0x0000000008000230                TIM1_BRK_TIM15_IRQHandler
 *fill*         0x0000000008000232        0x2 
 .text.__libc_init_array
                0x0000000008000234       0x48 /opt/arm-gcc/bin/../lib/gcc/arm-none-eabi/10.3.1/../../../../arm-none-eabi/lib/thumb/v7e-m+fp/hard/libc_nano.a(lib_a-init.o)
                0x0000000008000234                __libc_init_array
 *(.glue_7)
 .glue_7        0x000000000800027c        0x0 linker stubs
 *(.glue_7t)
 .glue_7t       0x000000000800027c        0x0 linker stubs
 *(.eh_frame)
 .eh_frame      0x000000000800027c        0x0 /opt/arm-gcc/bin/../lib/gcc/arm-none-eabi/10.3.1/thumb/v7e-m+fp/hard/crtbegin.o
 *(.init)
 .init          0x000000000800027c        0x4 /opt/arm-gcc/bin/../lib/gcc/arm-none-eabi/10.3.1/thumb/v7e-m+fp/hard/crti.o
                0x000000000800027c                _init
 .init          0x0000000008000280        0x8 /opt/arm-gcc/bin/../lib/gcc/arm-none-eabi/10.3.1/thumb/v7e-m+fp/hard/crtn.o
 *(.fini)
 .fini          0x0000000008000288        0x4 /opt/arm-gcc/bin/../lib/gcc/arm-none-eabi/10.3.1/thumb/v7e-m+fp/hard/crti.o
                0x0000000008000288                _fini
 .fini          0x000000000800028c        0x8 /opt/arm-gcc/bin/../lib/gcc/arm-none-eabi/10.3.1/thumb/v7e-m+fp/hard/crtn.o
                0x0000000008000294                . = ALIGN (0x4)
                0x0000000008000294                _etext = .

.vfp11_veneer   0x0000000008000294        0x0
 .vfp11_veneer  0x0000000008000294        0x0 linker stubs

.v4_bx          0x0000000008000294        0x0
 .v4_bx         0x0000000008000294        0x0 linker stubs

.iplt           0x0000000008000294        0x0
 .iplt          0x0000000008000294        0x0 /opt/arm-gcc/bin/../lib/gcc/arm-none-eabi/10.3.1/thumb/v7e-m+fp/hard/crtbegin.o

.rel.dyn        0x0000000008000294        0x0
 .rel.iplt      0x0000000008000294        0x0 /opt/arm-gcc/bin/../lib/gcc/arm-none-eabi/10.3.1/thumb/v7e-m+fp/hard/crtbegin.o

.rodata         0x0000000008000294        0x0
                0x0000000008000294                . = ALIGN (0x4)
 *(.rodata)
 *(.rodata*)
                0x0000000008000294                . = ALIGN (0x4)

.ARM.extab
 *(.ARM.extab* .gnu.linkonce.armextab.*)

.ARM            0x0000000008000294        0x0
                0x0000000008000294                __exidx_start = .
 *(.ARM.exidx*)
                0x0000000008000294                __exidx_end = .

.preinit_array  0x0000000008000294        0x0
                0x0000000008000294                PROVIDE (__preinit_array_start = .)
 *(.preinit_array*)
                0x0000000008000294                PROVIDE (__preinit_array_end = .)

.init_array     0x0000000008000294        0x4
                0x0000000008000294                PROVIDE (__init_array_start = .)
 *(SORT_BY_NAME(.init_array.*))
 *(.init_array*)
 .init_array    0x0000000008000294        0x4 /opt/arm-gcc/bin/../lib/gcc/arm-none-eabi/10.3.1/thumb/v7e-m+fp/hard/crtbegin.o
                0x0000000008000298                PROVIDE (__init_array_end = .)

.fini_array     0x0000000008000298        0x4
                [!provide]                        PROVIDE (__fini_array_start = .)
 *(SORT_BY_NAME(.fini_array.*))
 *(.fini_array*)
 .fini_array    0x0000000008000298        0x4 /opt/arm-gcc/bin/../lib/gcc/arm-none-eabi/10.3.1/thumb/v7e-m+fp/hard/crtbegin.o
                [!provide]                        PROVIDE (__fini_array_end = .)
                0x000000000800029c                _sidata = LOADADDR (.data)

.data           0x0000000020000000        0x0 load address 0x000000000800029c
                0x0000000020000000                . = ALIGN (0x4)
                0x0000000020000000                _sdata = .
 *(.data)
 *(.data*)
                0x0000000020000000                . = ALIGN (0x4)
                0x0000000020000000                _edata = .
                0x000000000800029c                _siccmram = LOADADDR (.ccmram)

.igot.plt       0x0000000020000000        0x0 load address 0x000000000800029c
 .igot.plt      0x0000000020000000        0x0 /opt/arm-gcc/bin/../lib/gcc/arm-none-eabi/10.3.1/thumb/v7e-m+fp/hard/crtbegin.o

.ccmram         0x0000000010000000        0x0 load address 0x000000000800029c
                0x0000000010000000                . = ALIGN (0x4)
                0x0000000010000000                _sccmram = .
 *(.ccmram)
 *(.ccmram*)
                0x0000000010000000                . = ALIGN (0x4)
                0x0000000010000000                _eccmram = .
                0x0000000010000000                . = ALIGN (0x4)

.bss            0x0000000020000000       0x1c
                0x0000000020000000                _sbss = .
                0x0000000020000000                __bss_start__ = _sbss
 *(.bss)
 .bss           0x0000000020000000       0x1c /opt/arm-gcc/bin/../lib/gcc/arm-none-eabi/10.3.1/thumb/v7e-m+fp/hard/crtbegin.o
 *(.bss*)
 *(COMMON)
                0x000000002000001c                . = ALIGN (0x4)
                0x000000002000001c                _ebss = .
                0x000000002000001c                __bss_end__ = _ebss

._user_heap_stack
                0x000000002000001c      0x414
                0x0000000020000020                . = ALIGN (0x8)
 *fill*         0x000000002000001c        0x4 
                [!provide]                        PROVIDE (end = .)
                [!provide]                        PROVIDE (_end = .)
                0x0000000020000030                . = (. + _Min_Heap_Size)
 *fill*         0x0000000020000020       0x10 
                0x0000000020000430                . = (. + _Min_Stack_Size)
 *fill*         0x0000000020000030      0x400 
                0x0000000020000430                . = ALIGN (0x8)

/DISCARD/
 libc.a(*)
 libm.a(*)
 libgcc.a(*)

.ARM.attributes
                0x0000000000000000       0x30
 *(.ARM.attributes)
 .ARM.attributes
                0x0000000000000000       0x1e /opt/arm-gcc/bin/../lib/gcc/arm-none-eabi/10.3.1/thumb/v7e-m+fp/hard/crti.o
 .ARM.attributes
                0x000000000000001e       0x34 /opt/arm-gcc/bin/../lib/gcc/arm-none-eabi/10.3.1/thumb/v7e-m+fp/hard/crtbegin.o
 .ARM.attributes
                0x0000000000000052       0x34 build/main.o
 .ARM.attributes
                0x0000000000000086       0x34 build/system_stm32f3xx.o
 .ARM.attributes
                0x00000000000000ba       0x21 build/startup_stm32f303xc.o
 .ARM.attributes
                0x00000000000000db       0x34 /opt/arm-gcc/bin/../lib/gcc/arm-none-eabi/10.3.1/../../../../arm-none-eabi/lib/thumb/v7e-m+fp/hard/libc_nano.a(lib_a-init.o)
 .ARM.attributes
                0x000000000000010f       0x1e /opt/arm-gcc/bin/../lib/gcc/arm-none-eabi/10.3.1/thumb/v7e-m+fp/hard/crtn.o
OUTPUT(build/f303_blinky_bm.elf elf32-littlearm)
LOAD linker stubs
LOAD /opt/arm-gcc/bin/../lib/gcc/arm-none-eabi/10.3.1/../../../../arm-none-eabi/lib/thumb/v7e-m+fp/hard/libc.a
LOAD /opt/arm-gcc/bin/../lib/gcc/arm-none-eabi/10.3.1/../../../../arm-none-eabi/lib/thumb/v7e-m+fp/hard/libm.a
LOAD /opt/arm-gcc/bin/../lib/gcc/arm-none-eabi/10.3.1/thumb/v7e-m+fp/hard/libgcc.a

.debug_info     0x0000000000000000      0x522
 .debug_info    0x0000000000000000       0x8a build/main.o
 .debug_info    0x000000000000008a      0x476 build/system_stm32f3xx.o
 .debug_info    0x0000000000000500       0x22 build/startup_stm32f303xc.o

.debug_abbrev   0x0000000000000000      0x175
 .debug_abbrev  0x0000000000000000       0x48 build/main.o
 .debug_abbrev  0x0000000000000048      0x11b build/system_stm32f3xx.o
 .debug_abbrev  0x0000000000000163       0x12 build/startup_stm32f303xc.o

.debug_aranges  0x0000000000000000       0x70
 .debug_aranges
                0x0000000000000000       0x20 build/main.o
 .debug_aranges
                0x0000000000000020       0x28 build/system_stm32f3xx.o
 .debug_aranges
                0x0000000000000048       0x28 build/startup_stm32f303xc.o

.debug_ranges   0x0000000000000000       0x48
 .debug_ranges  0x0000000000000000       0x10 build/main.o
 .debug_ranges  0x0000000000000010       0x18 build/system_stm32f3xx.o
 .debug_ranges  0x0000000000000028       0x20 build/startup_stm32f303xc.o

.debug_line     0x0000000000000000      0x2a7
 .debug_line    0x0000000000000000       0x52 build/main.o
 .debug_line    0x0000000000000052      0x1df build/system_stm32f3xx.o
 .debug_line    0x0000000000000231       0x76 build/startup_stm32f303xc.o

.debug_str      0x0000000000000000      0x2a2
 .debug_str     0x0000000000000000      0x130 build/main.o
                                        0x164 (size before relaxing)
 .debug_str     0x0000000000000130      0x14e build/system_stm32f3xx.o
                                        0x2ae (size before relaxing)
 .debug_str     0x000000000000027e       0x24 build/startup_stm32f303xc.o
                                         0x4a (size before relaxing)

.comment        0x0000000000000000       0x49
 .comment       0x0000000000000000       0x49 build/main.o
                                         0x4a (size before relaxing)
 .comment       0x0000000000000049       0x4a build/system_stm32f3xx.o

.debug_frame    0x0000000000000000       0x7c
 .debug_frame   0x0000000000000000       0x20 build/main.o
 .debug_frame   0x0000000000000020       0x30 build/system_stm32f3xx.o
 .debug_frame   0x0000000000000050       0x2c /opt/arm-gcc/bin/../lib/gcc/arm-none-eabi/10.3.1/../../../../arm-none-eabi/lib/thumb/v7e-m+fp/hard/libc_nano.a(lib_a-init.o)

.debug_loc      0x0000000000000000      0x123
 .debug_loc     0x0000000000000000      0x123 build/system_stm32f3xx.o

Cross Reference Table

Symbol                                            File
ADC1_2_IRQHandler                                 build/startup_stm32f303xc.o
ADC3_IRQHandler                                   build/startup_stm32f303xc.o
ADC4_IRQHandler                                   build/startup_stm32f303xc.o
AHBPrescTable                                     build/system_stm32f3xx.o
APBPrescTable                                     build/system_stm32f3xx.o
BusFault_Handler                                  build/startup_stm32f303xc.o
CAN_RX1_IRQHandler                                build/startup_stm32f303xc.o
CAN_SCE_IRQHandler                                build/startup_stm32f303xc.o
COMP1_2_3_IRQHandler                              build/startup_stm32f303xc.o
COMP4_5_6_IRQHandler                              build/startup_stm32f303xc.o
COMP7_IRQHandler                                  build/startup_stm32f303xc.o
DMA1_Channel1_IRQHandler                          build/startup_stm32f303xc.o
DMA1_Channel2_IRQHandler                          build/startup_stm32f303xc.o
DMA1_Channel3_IRQHandler                          build/startup_stm32f303xc.o
DMA1_Channel4_IRQHandler                          build/startup_stm32f303xc.o
DMA1_Channel5_IRQHandler                          build/startup_stm32f303xc.o
DMA1_Channel6_IRQHandler                          build/startup_stm32f303xc.o
DMA1_Channel7_IRQHandler                          build/startup_stm32f303xc.o
DMA2_Channel1_IRQHandler                          build/startup_stm32f303xc.o
DMA2_Channel2_IRQHandler                          build/startup_stm32f303xc.o
DMA2_Channel3_IRQHandler                          build/startup_stm32f303xc.o
DMA2_Channel4_IRQHandler                          build/startup_stm32f303xc.o
DMA2_Channel5_IRQHandler                          build/startup_stm32f303xc.o
DebugMon_Handler                                  build/startup_stm32f303xc.o
Default_Handler                                   build/startup_stm32f303xc.o
EXTI0_IRQHandler                                  build/startup_stm32f303xc.o
EXTI15_10_IRQHandler                              build/startup_stm32f303xc.o
EXTI1_IRQHandler                                  build/startup_stm32f303xc.o
EXTI2_TSC_IRQHandler                              build/startup_stm32f303xc.o
EXTI3_IRQHandler                                  build/startup_stm32f303xc.o
EXTI4_IRQHandler                                  build/startup_stm32f303xc.o
EXTI9_5_IRQHandler                                build/startup_stm32f303xc.o
FLASH_IRQHandler                                  build/startup_stm32f303xc.o
FPU_IRQHandler                                    build/startup_stm32f303xc.o
HardFault_Handler                                 build/startup_stm32f303xc.o
I2C1_ER_IRQHandler                                build/startup_stm32f303xc.o
I2C1_EV_IRQHandler                                build/startup_stm32f303xc.o
I2C2_ER_IRQHandler                                build/startup_stm32f303xc.o
I2C2_EV_IRQHandler                                build/startup_stm32f303xc.o
MemManage_Handler                                 build/startup_stm32f303xc.o
NMI_Handler                                       build/startup_stm32f303xc.o
PVD_IRQHandler                                    build/startup_stm32f303xc.o
PendSV_Handler                                    build/startup_stm32f303xc.o
RCC_IRQHandler                                    build/startup_stm32f303xc.o
RTC_Alarm_IRQHandler                              build/startup_stm32f303xc.o
RTC_WKUP_IRQHandler                               build/startup_stm32f303xc.o
Reset_Handler                                     build/startup_stm32f303xc.o
SPI1_IRQHandler                                   build/startup_stm32f303xc.o
SPI2_IRQHandler                                   build/startup_stm32f303xc.o
SPI3_IRQHandler                                   build/startup_stm32f303xc.o
SVC_Handler                                       build/startup_stm32f303xc.o
SysTick_Handler                                   build/startup_stm32f303xc.o
SystemCoreClock                                   build/system_stm32f3xx.o
SystemCoreClockUpdate                             build/system_stm32f3xx.o
SystemInit                                        build/system_stm32f3xx.o
                                                  build/startup_stm32f303xc.o
TAMP_STAMP_IRQHandler                             build/startup_stm32f303xc.o
TIM1_BRK_TIM15_IRQHandler                         build/startup_stm32f303xc.o
TIM1_CC_IRQHandler                                build/startup_stm32f303xc.o
TIM1_TRG_COM_TIM17_IRQHandler                     build/startup_stm32f303xc.o
TIM1_UP_TIM16_IRQHandler                          build/startup_stm32f303xc.o
TIM2_IRQHandler                                   build/startup_stm32f303xc.o
TIM3_IRQHandler                                   build/startup_stm32f303xc.o
TIM4_IRQHandler                                   build/startup_stm32f303xc.o
TIM6_DAC_IRQHandler                               build/startup_stm32f303xc.o
TIM7_IRQHandler                                   build/startup_stm32f303xc.o
TIM8_BRK_IRQHandler                               build/startup_stm32f303xc.o
TIM8_CC_IRQHandler                                build/startup_stm32f303xc.o
TIM8_TRG_COM_IRQHandler                           build/startup_stm32f303xc.o
TIM8_UP_IRQHandler                                build/startup_stm32f303xc.o
UART4_IRQHandler                                  build/startup_stm32f303xc.o
UART5_IRQHandler                                  build/startup_stm32f303xc.o
USART1_IRQHandler                                 build/startup_stm32f303xc.o
USART2_IRQHandler                                 build/startup_stm32f303xc.o
USART3_IRQHandler                                 build/startup_stm32f303xc.o
USBWakeUp_IRQHandler                              build/startup_stm32f303xc.o
USBWakeUp_RMP_IRQHandler                          build/startup_stm32f303xc.o
USB_HP_CAN_TX_IRQHandler                          build/startup_stm32f303xc.o
USB_HP_IRQHandler                                 build/startup_stm32f303xc.o
USB_LP_CAN_RX0_IRQHandler                         build/startup_stm32f303xc.o
USB_LP_IRQHandler                                 build/startup_stm32f303xc.o
UsageFault_Handler                                build/startup_stm32f303xc.o
WWDG_IRQHandler                                   build/startup_stm32f303xc.o
__bss_end__                                       /opt/arm-gcc/bin/../lib/gcc/arm-none-eabi/10.3.1/../../../../arm-none-eabi/lib/thumb/v7e-m+fp/hard/crt0.o
__bss_start__                                     /opt/arm-gcc/bin/../lib/gcc/arm-none-eabi/10.3.1/../../../../arm-none-eabi/lib/thumb/v7e-m+fp/hard/crt0.o
__call_exitprocs                                  /opt/arm-gcc/bin/../lib/gcc/arm-none-eabi/10.3.1/../../../../arm-none-eabi/lib/thumb/v7e-m+fp/hard/libc_nano.a(lib_a-exit.o)
__deregister_frame_info                           /opt/arm-gcc/bin/../lib/gcc/arm-none-eabi/10.3.1/thumb/v7e-m+fp/hard/crtbegin.o
__dso_handle                                      /opt/arm-gcc/bin/../lib/gcc/arm-none-eabi/10.3.1/thumb/v7e-m+fp/hard/crtbegin.o
__init_array_end                                  /opt/arm-gcc/bin/../lib/gcc/arm-none-eabi/10.3.1/../../../../arm-none-eabi/lib/thumb/v7e-m+fp/hard/libc_nano.a(lib_a-init.o)
__init_array_start                                /opt/arm-gcc/bin/../lib/gcc/arm-none-eabi/10.3.1/../../../../arm-none-eabi/lib/thumb/v7e-m+fp/hard/libc_nano.a(lib_a-init.o)
__libc_fini_array                                 /opt/arm-gcc/bin/../lib/gcc/arm-none-eabi/10.3.1/../../../../arm-none-eabi/lib/thumb/v7e-m+fp/hard/crt0.o
__libc_init_array                                 /opt/arm-gcc/bin/../lib/gcc/arm-none-eabi/10.3.1/../../../../arm-none-eabi/lib/thumb/v7e-m+fp/hard/libc_nano.a(lib_a-init.o)
                                                  build/startup_stm32f303xc.o
                                                  /opt/arm-gcc/bin/../lib/gcc/arm-none-eabi/10.3.1/../../../../arm-none-eabi/lib/thumb/v7e-m+fp/hard/crt0.o
__preinit_array_end                               /opt/arm-gcc/bin/../lib/gcc/arm-none-eabi/10.3.1/../../../../arm-none-eabi/lib/thumb/v7e-m+fp/hard/libc_nano.a(lib_a-init.o)
__preinit_array_start                             /opt/arm-gcc/bin/../lib/gcc/arm-none-eabi/10.3.1/../../../../arm-none-eabi/lib/thumb/v7e-m+fp/hard/libc_nano.a(lib_a-init.o)
__register_frame_info                             /opt/arm-gcc/bin/../lib/gcc/arm-none-eabi/10.3.1/thumb/v7e-m+fp/hard/crtbegin.o
__sf_fake_stderr                                  /opt/arm-gcc/bin/../lib/gcc/arm-none-eabi/10.3.1/../../../../arm-none-eabi/lib/thumb/v7e-m+fp/hard/libc_nano.a(lib_a-impure.o)
__sf_fake_stdin                                   /opt/arm-gcc/bin/../lib/gcc/arm-none-eabi/10.3.1/../../../../arm-none-eabi/lib/thumb/v7e-m+fp/hard/libc_nano.a(lib_a-impure.o)
__sf_fake_stdout                                  /opt/arm-gcc/bin/../lib/gcc/arm-none-eabi/10.3.1/../../../../arm-none-eabi/lib/thumb/v7e-m+fp/hard/libc_nano.a(lib_a-impure.o)
__stack                                           /opt/arm-gcc/bin/../lib/gcc/arm-none-eabi/10.3.1/../../../../arm-none-eabi/lib/thumb/v7e-m+fp/hard/crt0.o
_ebss                                             build/startup_stm32f303xc.o
_edata                                            build/startup_stm32f303xc.o
_estack                                           build/startup_stm32f303xc.o
_exit                                             /opt/arm-gcc/bin/../lib/gcc/arm-none-eabi/10.3.1/../../../../arm-none-eabi/lib/thumb/v7e-m+fp/hard/libnosys.a(_exit.o)
                                                  /opt/arm-gcc/bin/../lib/gcc/arm-none-eabi/10.3.1/../../../../arm-none-eabi/lib/thumb/v7e-m+fp/hard/libc_nano.a(lib_a-exit.o)
_fini                                             /opt/arm-gcc/bin/../lib/gcc/arm-none-eabi/10.3.1/thumb/v7e-m+fp/hard/crti.o
_global_impure_ptr                                /opt/arm-gcc/bin/../lib/gcc/arm-none-eabi/10.3.1/../../../../arm-none-eabi/lib/thumb/v7e-m+fp/hard/libc_nano.a(lib_a-impure.o)
                                                  /opt/arm-gcc/bin/../lib/gcc/arm-none-eabi/10.3.1/../../../../arm-none-eabi/lib/thumb/v7e-m+fp/hard/libc_nano.a(lib_a-exit.o)
_impure_ptr                                       /opt/arm-gcc/bin/../lib/gcc/arm-none-eabi/10.3.1/../../../../arm-none-eabi/lib/thumb/v7e-m+fp/hard/libc_nano.a(lib_a-impure.o)
_init                                             /opt/arm-gcc/bin/../lib/gcc/arm-none-eabi/10.3.1/thumb/v7e-m+fp/hard/crti.o
                                                  /opt/arm-gcc/bin/../lib/gcc/arm-none-eabi/10.3.1/../../../../arm-none-eabi/lib/thumb/v7e-m+fp/hard/libc_nano.a(lib_a-init.o)
_mainCRTStartup                                   /opt/arm-gcc/bin/../lib/gcc/arm-none-eabi/10.3.1/../../../../arm-none-eabi/lib/thumb/v7e-m+fp/hard/crt0.o
_sbss                                             build/startup_stm32f303xc.o
_sdata                                            build/startup_stm32f303xc.o
_sidata                                           build/startup_stm32f303xc.o
_stack_init                                       /opt/arm-gcc/bin/../lib/gcc/arm-none-eabi/10.3.1/../../../../arm-none-eabi/lib/thumb/v7e-m+fp/hard/crt0.o
_start                                            /opt/arm-gcc/bin/../lib/gcc/arm-none-eabi/10.3.1/../../../../arm-none-eabi/lib/thumb/v7e-m+fp/hard/crt0.o
atexit                                            /opt/arm-gcc/bin/../lib/gcc/arm-none-eabi/10.3.1/../../../../arm-none-eabi/lib/thumb/v7e-m+fp/hard/crt0.o
exit                                              /opt/arm-gcc/bin/../lib/gcc/arm-none-eabi/10.3.1/../../../../arm-none-eabi/lib/thumb/v7e-m+fp/hard/libc_nano.a(lib_a-exit.o)
                                                  /opt/arm-gcc/bin/../lib/gcc/arm-none-eabi/10.3.1/../../../../arm-none-eabi/lib/thumb/v7e-m+fp/hard/crt0.o
g_pfnVectors                                      build/startup_stm32f303xc.o
hardware_init_hook                                /opt/arm-gcc/bin/../lib/gcc/arm-none-eabi/10.3.1/../../../../arm-none-eabi/lib/thumb/v7e-m+fp/hard/crt0.o
main                                              build/main.o
                                                  build/startup_stm32f303xc.o
                                                  /opt/arm-gcc/bin/../lib/gcc/arm-none-eabi/10.3.1/../../../../arm-none-eabi/lib/thumb/v7e-m+fp/hard/crt0.o
memset                                            /opt/arm-gcc/bin/../lib/gcc/arm-none-eabi/10.3.1/../../../../arm-none-eabi/lib/thumb/v7e-m+fp/hard/libc_nano.a(lib_a-memset.o)
                                                  /opt/arm-gcc/bin/../lib/gcc/arm-none-eabi/10.3.1/../../../../arm-none-eabi/lib/thumb/v7e-m+fp/hard/crt0.o
software_init_hook                                /opt/arm-gcc/bin/../lib/gcc/arm-none-eabi/10.3.1/../../../../arm-none-eabi/lib/thumb/v7e-m+fp/hard/crt0.o
